// Jest Snapshot v1, https://goo.gl/fbAQLP

exports[`getContinuousBlocks 1 1`] = `
Array [
  Immutable.Record {
    "key": "B",
    "type": "code-block",
    "text": "foo",
    "characterList": Immutable.List [
      Immutable.Record {
        "style": Immutable.OrderedSet [],
        "entity": null,
      },
      Immutable.Record {
        "style": Immutable.OrderedSet [],
        "entity": null,
      },
      Immutable.Record {
        "style": Immutable.OrderedSet [],
        "entity": null,
      },
    ],
    "depth": 0,
    "data": Immutable.Map {},
  },
  Immutable.Record {
    "key": "C",
    "type": "code-block",
    "text": "bar",
    "characterList": Immutable.List [
      Immutable.Record {
        "style": Immutable.OrderedSet [],
        "entity": null,
      },
      Immutable.Record {
        "style": Immutable.OrderedSet [],
        "entity": null,
      },
      Immutable.Record {
        "style": Immutable.OrderedSet [],
        "entity": null,
      },
    ],
    "depth": 0,
    "data": Immutable.Map {},
  },
  Immutable.Record {
    "key": "D",
    "type": "code-block",
    "text": "baz",
    "characterList": Immutable.List [
      Immutable.Record {
        "style": Immutable.OrderedSet [],
        "entity": null,
      },
      Immutable.Record {
        "style": Immutable.OrderedSet [],
        "entity": null,
      },
      Immutable.Record {
        "style": Immutable.OrderedSet [],
        "entity": null,
      },
    ],
    "depth": 0,
    "data": Immutable.Map {},
  },
]
`;

exports[`getContinuousBlocks 2 1`] = `
Array [
  Immutable.Record {
    "key": "B",
    "type": "code-block",
    "text": "foo",
    "characterList": Immutable.List [
      Immutable.Record {
        "style": Immutable.OrderedSet [],
        "entity": null,
      },
      Immutable.Record {
        "style": Immutable.OrderedSet [],
        "entity": null,
      },
      Immutable.Record {
        "style": Immutable.OrderedSet [],
        "entity": null,
      },
    ],
    "depth": 0,
    "data": Immutable.Map {},
  },
  Immutable.Record {
    "key": "C",
    "type": "code-block",
    "text": "bar",
    "characterList": Immutable.List [
      Immutable.Record {
        "style": Immutable.OrderedSet [],
        "entity": null,
      },
      Immutable.Record {
        "style": Immutable.OrderedSet [],
        "entity": null,
      },
      Immutable.Record {
        "style": Immutable.OrderedSet [],
        "entity": null,
      },
    ],
    "depth": 0,
    "data": Immutable.Map {},
  },
  Immutable.Record {
    "key": "D",
    "type": "code-block",
    "text": "baz",
    "characterList": Immutable.List [
      Immutable.Record {
        "style": Immutable.OrderedSet [],
        "entity": null,
      },
      Immutable.Record {
        "style": Immutable.OrderedSet [],
        "entity": null,
      },
      Immutable.Record {
        "style": Immutable.OrderedSet [],
        "entity": null,
      },
    ],
    "depth": 0,
    "data": Immutable.Map {},
  },
]
`;
